# Skill:ID:Path
create-service-object:019e7be5-04f6-73a9-adc4-010d5ebcd68c
019e7be5-04f6-73a9-adc4-010d5ebcd68c:skills/patterns/create-service-object
integrate-api-client:019e7be5-0c69-72fa-8600-fddbcbf7352a
019e7be5-0c69-72fa-8600-fddbcbf7352a:skills/patterns/integrate-api-client
implement-calculator-pattern:019e7be5-13bb-748d-8e69-065962f13a67
019e7be5-13bb-748d-8e69-065962f13a67:skills/patterns/implement-calculator-pattern
define-domain-language:019e7be5-1bb2-7128-9237-5b912b65dbd7
019e7be5-1bb2-7128-9237-5b912b65dbd7:skills/ddd/define-domain-language
model-domain:019e7be5-2334-70b2-b44d-1b7f1e72cb73
019e7be5-2334-70b2-b44d-1b7f1e72cb73:skills/ddd/model-domain
review-domain-boundaries:019e7be5-2f93-72c5-9181-558571bac449
019e7be5-2f93-72c5-9181-558571bac449:skills/ddd/review-domain-boundaries
generate-tdd-tasks:019e7be5-36f0-7388-85da-75d2d98d4159
019e7be5-36f0-7388-85da-75d2d98d4159:skills/planning/generate-tdd-tasks
write-yard-docs:019e7be5-3e7b-7719-a6d9-a1c95867e604
019e7be5-3e7b-7719-a6d9-a1c95867e604:skills/docs/write-yard-docs
triage-bug:019e7be5-459b-716a-8284-b55647ce732b
019e7be5-459b-716a-8284-b55647ce732b:skills/testing/triage-bug
skill-router:019e7be5-4d07-7794-aa1f-9c92973cacd1
019e7be5-4d07-7794-aa1f-9c92973cacd1:skills/orchestration/skill-router
respond-to-review:019e7be5-5470-713c-94ae-003aa1abd196
019e7be5-5470-713c-94ae-003aa1abd196:skills/code-quality/respond-to-review
test-planning-process:019e7be5-5bf0-754d-a7fc-7950f47bdfbe
019e7be5-5bf0-754d-a7fc-7950f47bdfbe:skills/process/test-planning-process
review-process:019e7be5-6370-70dc-b994-de96c6fb323e
019e7be5-6370-70dc-b994-de96c6fb323e:skills/process/review-process
security-review-process:019e7be5-6a90-72f9-ba74-0791e54221c7
019e7be5-6a90-72f9-ba74-0791e54221c7:skills/process/security-review-process
tdd-process:019e7be5-712f-730c-823a-178fc3f4d2cb
019e7be5-712f-730c-823a-178fc3f4d2cb:skills/process/tdd-process
